[2025-12-12 15:34:17][INFO] Loading resources...
[2025-12-12 15:34:17][FINE] Loading resources from: bluemap/resourceExtensions.zip ...
[2025-12-12 15:34:18][FINE] Loading resources from: bluemap/minecraft-client-1.21.8.jar ...
[2025-12-12 15:34:18][FINE] Collecting texture-keys...
[2025-12-12 15:34:18][FINE] Found 1962 texture-keys.
[2025-12-12 15:34:18][FINE] Loading textures from: bluemap/resourceExtensions.zip ...
[2025-12-12 15:34:19][FINE] Loading textures from: bluemap/minecraft-client-1.21.8.jar ...
[2025-12-12 15:34:22][FINE] Baking resources...
[2025-12-12 15:34:22][INFO] Resources loaded.
[2025-12-12 15:34:22][FINE] Loading world world#minecraft:overworld ...
[2025-12-12 15:34:22][FINE] Loading datapack...
[2025-12-12 15:34:22][FINE] Loading datapack from: world/datapacks/bukkit ...
[2025-12-12 15:34:22][FINE] Loading datapack from: bluemap/resourceExtensions.zip ...
[2025-12-12 15:34:22][FINE] Loading datapack from: bluemap/minecraft-client-1.21.8.jar ...
[2025-12-12 15:34:22][FINE] Baking datapack...
[2025-12-12 15:34:22][FINE] Datapack loaded.
[2025-12-12 15:34:22][INFO] Initializing Storage: 'file' (Type: 'bluemap:file')
[2025-12-12 15:34:23][INFO] Loading map 'world'...
[2025-12-12 15:34:23][FINE] Loading render-state for map 'world'
[2025-12-12 15:34:23][FINE] Loading textures for map 'world'
[2025-12-12 15:34:23][FINE] Loading world world_the_end#minecraft:the_end ...
[2025-12-12 15:34:23][FINE] Loading datapack...
[2025-12-12 15:34:23][FINE] Loading datapack from: bluemap/resourceExtensions.zip ...
[2025-12-12 15:34:23][FINE] Loading datapack from: bluemap/minecraft-client-1.21.8.jar ...
[2025-12-12 15:34:23][FINE] Baking datapack...
[2025-12-12 15:34:23][FINE] Datapack loaded.
[2025-12-12 15:34:23][INFO] Loading map 'world_the_end'...
[2025-12-12 15:34:23][FINE] Loading render-state for map 'world_the_end'
[2025-12-12 15:34:23][FINE] Loading textures for map 'world_the_end'
[2025-12-12 15:34:23][FINE] Loading world world_nether#minecraft:the_nether ...
[2025-12-12 15:34:23][FINE] Loading datapack...
[2025-12-12 15:34:23][FINE] Loading datapack from: bluemap/resourceExtensions.zip ...
[2025-12-12 15:34:23][FINE] Loading datapack from: bluemap/minecraft-client-1.21.8.jar ...
[2025-12-12 15:34:23][FINE] Baking datapack...
[2025-12-12 15:34:23][FINE] Datapack loaded.
[2025-12-12 15:34:24][INFO] Loading map 'world_nether'...
[2025-12-12 15:34:24][FINE] Loading render-state for map 'world_nether'
[2025-12-12 15:34:24][FINE] Loading textures for map 'world_nether'
[2025-12-12 15:34:24][INFO] WebServer bound to all network interfaces on port 8100
[2025-12-12 15:34:24][INFO] WebServer started.
[2025-12-12 15:34:24][FINE] Started watching map 'world' for updates...
[2025-12-12 15:34:24][FINE] Started watching map 'world_the_end' for updates...
[2025-12-12 15:34:24][FINE] Started watching map 'world_nether' for updates...
[2025-12-12 15:34:24][INFO] Loaded!
[2025-12-12 15:39:32][FINE] Scheduled update for region-file: (0, -1) (Map: world)
[2025-12-12 15:39:32][FINE] Scheduled update for region-file: (0, -1) (Map: world_nether)
[2025-12-12 15:39:32][FINE] Scheduled update for region-file: (-1, -1) (Map: world_nether)
[2025-12-12 15:39:32][FINE] Scheduled update for region-file: (0, 0) (Map: world_nether)
[2025-12-12 15:39:32][FINE] Scheduled update for region-file: (-1, -1) (Map: world)
[2025-12-12 15:39:32][FINE] Scheduled update for region-file: (0, 0) (Map: world)
[2025-12-12 15:39:32][FINE] Scheduled update for region-file: (-1, 0) (Map: world)
[2025-12-12 15:42:42][FINE] Scheduled update for region-file: (-1, -1) (Map: world)
[2025-12-12 15:42:42][FINE] Scheduled update for region-file: (0, -1) (Map: world)
[2025-12-12 15:42:42][FINE] Scheduled update for region-file: (0, 0) (Map: world)
[2025-12-12 15:42:42][FINE] Scheduled update for region-file: (-1, 0) (Map: world)
[2025-12-12 15:44:32][FINE] Scheduled update for region-file: (0, 0) (Map: world_nether)
[2025-12-12 15:44:32][FINE] Scheduled update for region-file: (-1, -1) (Map: world_nether)
[2025-12-12 15:44:32][FINE] Scheduled update for region-file: (0, -1) (Map: world_nether)
[2025-12-12 15:44:32][FINE] Scheduled update for region-file: (-1, -1) (Map: world)
[2025-12-12 15:47:15][FINE] Scheduled update for region-file: (-1, -1) (Map: world_nether)
[2025-12-12 15:47:15][FINE] Scheduled update for region-file: (0, 0) (Map: world_nether)
[2025-12-12 15:47:16][FINE] Scheduled update for region-file: (0, -1) (Map: world_nether)
[2025-12-12 15:47:41][FINE] Scheduled update for region-file: (0, 0) (Map: world)
[2025-12-12 15:47:42][FINE] Scheduled update for region-file: (-1, -1) (Map: world)
[2025-12-12 15:47:42][FINE] Scheduled update for region-file: (0, -1) (Map: world)
[2025-12-12 15:47:42][FINE] Scheduled update for region-file: (-1, 0) (Map: world)
[2025-12-12 15:48:41][FINE] Scheduled update for region-file: (0, 0) (Map: world)
[2025-12-12 15:48:42][FINE] Scheduled update for region-file: (-1, -1) (Map: world)
[2025-12-12 15:48:42][FINE] Scheduled update for region-file: (0, -1) (Map: world)
[2025-12-12 15:49:32][FINE] Scheduled update for region-file: (0, -1) (Map: world_nether)
[2025-12-12 15:49:32][FINE] Scheduled update for region-file: (-1, -1) (Map: world_nether)
[2025-12-12 15:49:32][FINE] Scheduled update for region-file: (0, 0) (Map: world_nether)
[2025-12-12 15:49:32][FINE] Scheduled update for region-file: (-1, 0) (Map: world_nether)
[2025-12-12 15:49:41][FINE] Scheduled update for region-file: (0, 0) (Map: world)
[2025-12-12 15:49:42][FINE] Scheduled update for region-file: (-1, -1) (Map: world)
[2025-12-12 15:49:42][FINE] Scheduled update for region-file: (0, -1) (Map: world)
[2025-12-12 15:50:33][FINE] Scheduled update for region-file: (0, -2) (Map: world)
[2025-12-12 15:50:46][FINE] Scheduled update for region-file: (1, -3) (Map: world)
[2025-12-12 15:50:46][FINE] Scheduled update for region-file: (0, -3) (Map: world)
[2025-12-12 15:51:11][FINE] Scheduled update for region-file: (1, -2) (Map: world)
[2025-12-12 15:51:11][FINE] Scheduled update for region-file: (2, -2) (Map: world)
[2025-12-12 15:51:28][FINE] Scheduled update for region-file: (-1, -1) (Map: world)
[2025-12-12 15:51:33][FINE] Scheduled update for region-file: (0, -2) (Map: world)
[2025-12-12 15:51:37][FINE] Scheduled update for region-file: (-1, 0) (Map: world)
[2025-12-12 15:51:49][FINE] Scheduled update for region-file: (-1, -1) (Map: world_nether)
[2025-12-12 15:51:49][FINE] Scheduled update for region-file: (0, -1) (Map: world_nether)
[2025-12-12 15:51:50][FINE] Scheduled update for region-file: (0, 0) (Map: world_nether)
[2025-12-12 15:51:50][FINE] Scheduled update for region-file: (-1, 0) (Map: world_nether)
[2025-12-12 15:52:11][FINE] Scheduled update for region-file: (1, -2) (Map: world)
[2025-12-12 15:52:11][FINE] Scheduled update for region-file: (2, -2) (Map: world)
[2025-12-12 15:52:26][FINE] Scheduled update for region-file: (2, -1) (Map: world)
[2025-12-12 15:52:28][FINE] Scheduled update for region-file: (-1, -1) (Map: world)
[2025-12-12 15:52:34][FINE] Scheduled update for region-file: (0, 0) (Map: world)
[2025-12-12 15:52:34][FINE] Scheduled update for region-file: (1, 0) (Map: world)
[2025-12-12 15:52:48][FINE] Scheduled update for region-file: (0, -1) (Map: world)
[2025-12-12 15:52:48][FINE] Scheduled update for region-file: (1, -1) (Map: world)
[2025-12-12 15:53:11][FINE] Scheduled update for region-file: (1, -2) (Map: world)
[2025-12-12 15:53:11][FINE] Scheduled update for region-file: (2, -2) (Map: world)
[2025-12-12 15:53:48][FINE] Scheduled update for region-file: (1, -1) (Map: world)
[2025-12-12 15:54:11][FINE] Scheduled update for region-file: (1, -2) (Map: world)
[2025-12-12 15:54:16][FINE] Scheduled update for region-file: (0, -1) (Map: world)
[2025-12-12 15:54:32][FINE] Scheduled update for region-file: (0, -1) (Map: world_nether)
[2025-12-12 15:54:32][FINE] Scheduled update for region-file: (-1, -1) (Map: world_nether)
[2025-12-12 15:54:32][FINE] Scheduled update for region-file: (0, 0) (Map: world_nether)
[2025-12-12 15:54:32][FINE] Scheduled update for region-file: (-1, -1) (Map: world)
[2025-12-12 15:54:48][FINE] Scheduled update for region-file: (1, -1) (Map: world)
[2025-12-12 15:54:50][FINE] Scheduled update for region-file: (-1, -2) (Map: world)
[2025-12-12 15:54:50][FINE] Scheduled update for region-file: (0, -2) (Map: world)
[2025-12-12 15:55:11][FINE] Scheduled update for region-file: (1, -2) (Map: world)
[2025-12-12 15:55:16][FINE] Scheduled update for region-file: (0, -1) (Map: world)
[2025-12-12 15:55:32][FINE] Scheduled update for region-file: (-1, -1) (Map: world)
[2025-12-12 15:55:48][FINE] Failed to process selection: java.io.IOException: Broken pipe
[2025-12-12 15:55:48][FINE] Failed to process selection: java.io.IOException: Broken pipe
[2025-12-12 15:56:29][FINE] Scheduled update for region-file: (0, 0) (Map: world)
[2025-12-12 15:56:44][FINE] Scheduled update for region-file: (0, -1) (Map: world)
[2025-12-12 15:57:17][FINE] Scheduled update for region-file: (-1, -1) (Map: world)
[2025-12-12 15:57:17][FINE] Scheduled update for region-file: (-1, 0) (Map: world)
[2025-12-12 15:57:44][FINE] Scheduled update for region-file: (0, -1) (Map: world)
[2025-12-12 15:57:50][FINE] Scheduled update for region-file: (-2, -1) (Map: world)
[2025-12-12 15:57:50][FINE] Scheduled update for region-file: (-2, 0) (Map: world)
[2025-12-12 15:58:22][FINE] Scheduled update for region-file: (-3, 0) (Map: world)
[2025-12-12 15:58:26][FINE] Scheduled update for region-file: (-4, -1) (Map: world)
[2025-12-12 15:58:33][FINE] Scheduled update for region-file: (-3, -1) (Map: world)
[2025-12-12 15:58:44][FINE] Scheduled update for region-file: (0, -1) (Map: world)
[2025-12-12 15:58:50][FINE] Scheduled update for region-file: (-2, -1) (Map: world)
[2025-12-12 15:58:50][FINE] Scheduled update for region-file: (-2, 0) (Map: world)
[2025-12-12 15:59:32][FINE] Scheduled update for region-file: (0, -1) (Map: world_nether)
[2025-12-12 15:59:32][FINE] Scheduled update for region-file: (-1, -1) (Map: world_nether)
[2025-12-12 15:59:32][FINE] Scheduled update for region-file: (0, 0) (Map: world_nether)
[2025-12-12 15:59:41][FINE] Scheduled update for region-file: (-4, -2) (Map: world)
[2025-12-12 15:59:41][FINE] Scheduled update for region-file: (-3, -2) (Map: world)
[2025-12-12 15:59:41][FINE] Scheduled update for region-file: (-4, -1) (Map: world)
[2025-12-12 15:59:41][FINE] Scheduled update for region-file: (-3, -1) (Map: world)
[2025-12-12 15:59:43][FINE] Scheduled update for region-file: (-1, -1) (Map: world)
[2025-12-12 15:59:44][FINE] Scheduled update for region-file: (0, -1) (Map: world)
[2025-12-12 15:59:45][FINE] Scheduled update for region-file: (-2, -1) (Map: world_nether)
[2025-12-12 15:59:45][FINE] Scheduled update for region-file: (0, 0) (Map: world)
[2025-12-12 15:59:46][FINE] Scheduled update for region-file: (-1, 0) (Map: world)
[2025-12-12 16:00:02][FINE] Scheduled update for region-file: (-1, 0) (Map: world_nether)
[2025-12-12 16:00:32][FINE] Scheduled update for region-file: (0, -1) (Map: world_nether)
[2025-12-12 16:00:32][FINE] Scheduled update for region-file: (-1, -1) (Map: world_nether)
[2025-12-12 16:00:45][FINE] Scheduled update for region-file: (-2, -1) (Map: world_nether)
[2025-12-12 16:00:45][FINE] Scheduled update for region-file: (0, 0) (Map: world)
[2025-12-12 16:00:46][FINE] Scheduled update for region-file: (-1, 0) (Map: world)
[2025-12-12 16:01:02][FINE] Scheduled update for region-file: (-1, 0) (Map: world_nether)
[2025-12-12 16:01:19][FINE] Scheduled update for region-file: (-1, -1) (Map: world)
[2025-12-12 16:01:46][FINE] Scheduled update for region-file: (-1, 0) (Map: world)
[2025-12-12 16:04:14][FINE] Scheduled update for region-file: (-1, -1) (Map: world_nether)
[2025-12-12 16:04:26][FINE] Scheduled update for region-file: (-1, 0) (Map: world_nether)
[2025-12-12 16:04:26][FINE] Scheduled update for region-file: (0, 0) (Map: world_nether)
[2025-12-12 16:04:32][FINE] Scheduled update for region-file: (0, -1) (Map: world_nether)
[2025-12-12 16:04:32][FINE] Scheduled update for region-file: (-1, -1) (Map: world)
[2025-12-12 16:05:05][FINE] Scheduled update for region-file: (0, -1) (Map: world)
[2025-12-12 16:05:07][FINE] Scheduled update for region-file: (0, 0) (Map: world)
[2025-12-12 16:05:14][FINE] Scheduled update for region-file: (-1, -1) (Map: world_nether)
[2025-12-12 16:05:26][FINE] Scheduled update for region-file: (-1, 0) (Map: world_nether)
[2025-12-12 16:05:26][FINE] Scheduled update for region-file: (0, 0) (Map: world_nether)
[2025-12-12 16:05:32][FINE] Scheduled update for region-file: (-1, -1) (Map: world)
[2025-12-12 16:09:25][FINE] Scheduled update for region-file: (-1, 0) (Map: world_nether)
[2025-12-12 16:09:26][FINE] Scheduled update for region-file: (0, 0) (Map: world_nether)
[2025-12-12 16:09:32][FINE] Scheduled update for region-file: (-1, -1) (Map: world)
[2025-12-12 16:09:35][FINE] Scheduled update for region-file: (0, -1) (Map: world_nether)
[2025-12-12 16:09:35][FINE] Scheduled update for region-file: (-1, -1) (Map: world_nether)
[2025-12-12 16:09:40][FINE] Scheduled update for region-file: (-1, -2) (Map: world_nether)
[2025-12-12 16:09:44][FINE] Scheduled update for region-file: (0, -2) (Map: world_nether)
[2025-12-12 16:10:26][FINE] Scheduled update for region-file: (0, 0) (Map: world_nether)
[2025-12-12 16:10:35][FINE] Scheduled update for region-file: (0, -1) (Map: world_nether)
[2025-12-12 16:11:12][FINE] Scheduled update for region-file: (-1, -1) (Map: world_nether)
[2025-12-12 16:11:12][FINE] Scheduled update for region-file: (-1, -2) (Map: world_nether)
[2025-12-12 16:11:13][FINE] Scheduled update for region-file: (0, -2) (Map: world_nether)
[2025-12-12 16:11:35][FINE] Scheduled update for region-file: (0, -1) (Map: world_nether)
[2025-12-12 16:11:57][FINE] Scheduled update for region-file: (-1, -8) (Map: world)
[2025-12-12 16:11:57][FINE] Scheduled update for region-file: (0, -8) (Map: world)
[2025-12-12 16:12:26][FINE] Scheduled update for region-file: (-1, -7) (Map: world)
[2025-12-12 16:12:26][FINE] Scheduled update for region-file: (0, -7) (Map: world)
[2025-12-12 16:12:35][FINE] Scheduled update for region-file: (-1, -6) (Map: world)
[2025-12-12 16:12:35][FINE] Scheduled update for region-file: (0, -6) (Map: world)
[2025-12-12 16:13:35][FINE] Scheduled update for region-file: (-1, -6) (Map: world)
[2025-12-12 16:13:35][FINE] Scheduled update for region-file: (0, -6) (Map: world)
[2025-12-12 16:14:32][FINE] Scheduled update for region-file: (-1, -1) (Map: world)
[2025-12-12 16:14:32][FINE] Scheduled update for region-file: (0, -1) (Map: world_nether)
[2025-12-12 16:14:32][FINE] Scheduled update for region-file: (-1, -1) (Map: world_nether)
[2025-12-12 16:14:32][FINE] Scheduled update for region-file: (0, 0) (Map: world_nether)
[2025-12-12 16:17:13][FINE] Scheduled update for region-file: (0, -6) (Map: world)
[2025-12-12 16:17:13][FINE] Scheduled update for region-file: (-1, -6) (Map: world)
[2025-12-12 16:17:25][FINE] Scheduled update for region-file: (0, -5) (Map: world)
[2025-12-12 16:17:25][FINE] Scheduled update for region-file: (-1, -5) (Map: world)
[2025-12-12 16:18:25][FINE] Scheduled update for region-file: (0, -5) (Map: world)
[2025-12-12 16:18:25][FINE] Scheduled update for region-file: (-1, -5) (Map: world)
[2025-12-12 16:19:32][FINE] Scheduled update for region-file: (-1, -1) (Map: world)
[2025-12-12 16:19:32][FINE] Scheduled update for region-file: (0, -1) (Map: world_nether)
[2025-12-12 16:19:32][FINE] Scheduled update for region-file: (-1, -1) (Map: world_nether)
[2025-12-12 16:19:32][FINE] Scheduled update for region-file: (0, 0) (Map: world_nether)
[2025-12-12 16:22:00][FINE] Scheduled update for region-file: (0, -5) (Map: world)
[2025-12-12 16:22:00][FINE] Scheduled update for region-file: (-1, -5) (Map: world)
[2025-12-12 16:22:13][FINE] Scheduled update for region-file: (0, -6) (Map: world)
[2025-12-12 16:22:13][FINE] Scheduled update for region-file: (-1, -6) (Map: world)
[2025-12-12 16:23:00][FINE] Scheduled update for region-file: (0, -5) (Map: world)
[2025-12-12 16:23:00][FINE] Scheduled update for region-file: (-1, -5) (Map: world)
[2025-12-12 16:24:32][FINE] Scheduled update for region-file: (-1, -1) (Map: world)
[2025-12-12 16:24:32][FINE] Scheduled update for region-file: (-1, -1) (Map: world_nether)
[2025-12-12 16:24:32][FINE] Scheduled update for region-file: (0, -1) (Map: world_nether)
[2025-12-12 16:24:32][FINE] Scheduled update for region-file: (0, 0) (Map: world_nether)
[2025-12-12 16:25:02][FINE] Scheduled update for region-file: (0, -5) (Map: world)
[2025-12-12 16:25:02][FINE] Scheduled update for region-file: (-1, -5) (Map: world)
[2025-12-12 16:26:02][FINE] Scheduled update for region-file: (0, -5) (Map: world)
[2025-12-12 16:26:02][FINE] Scheduled update for region-file: (-1, -6) (Map: world)
[2025-12-12 16:26:02][FINE] Scheduled update for region-file: (-1, -5) (Map: world)
[2025-12-12 16:26:02][FINE] Scheduled update for region-file: (0, -6) (Map: world)
[2025-12-12 16:27:02][FINE] Scheduled update for region-file: (0, -5) (Map: world)
[2025-12-12 16:27:02][FINE] Scheduled update for region-file: (-1, -6) (Map: world)
[2025-12-12 16:27:02][FINE] Scheduled update for region-file: (-1, -5) (Map: world)
[2025-12-12 16:27:02][FINE] Scheduled update for region-file: (0, -6) (Map: world)
[2025-12-12 16:28:02][FINE] Scheduled update for region-file: (0, -5) (Map: world)
[2025-12-12 16:28:02][FINE] Scheduled update for region-file: (-1, -6) (Map: world)
[2025-12-12 16:28:02][FINE] Scheduled update for region-file: (-1, -5) (Map: world)
[2025-12-12 16:28:02][FINE] Scheduled update for region-file: (0, -6) (Map: world)
[2025-12-12 16:29:32][FINE] Scheduled update for region-file: (-1, -1) (Map: world)
[2025-12-12 16:29:32][FINE] Scheduled update for region-file: (0, -1) (Map: world_nether)
[2025-12-12 16:29:32][FINE] Scheduled update for region-file: (-1, -1) (Map: world_nether)
[2025-12-12 16:29:32][FINE] Scheduled update for region-file: (0, 0) (Map: world_nether)
[2025-12-12 16:30:03][FINE] Scheduled update for region-file: (0, -5) (Map: world)
[2025-12-12 16:30:03][FINE] Scheduled update for region-file: (-1, -5) (Map: world)
[2025-12-12 16:30:35][FINE] Scheduled update for region-file: (-1, -6) (Map: world)
[2025-12-12 16:31:03][FINE] Scheduled update for region-file: (0, -5) (Map: world)
[2025-12-12 16:31:03][FINE] Scheduled update for region-file: (-1, -5) (Map: world)
[2025-12-12 16:32:03][FINE] Scheduled update for region-file: (0, -5) (Map: world)
[2025-12-12 16:32:03][FINE] Scheduled update for region-file: (-1, -5) (Map: world)
[2025-12-12 16:33:03][FINE] Scheduled update for region-file: (0, -5) (Map: world)
[2025-12-12 16:33:03][FINE] Scheduled update for region-file: (-1, -5) (Map: world)
[2025-12-12 16:34:24][FINE] Stopped watching map 'world' for updates.
[2025-12-12 16:34:24][FINE] Stopped watching map 'world_the_end' for updates.
[2025-12-12 16:34:24][FINE] Stopped watching map 'world_nether' for updates.
[2025-12-12 16:34:24][FINE] Started watching map 'world' for updates...
[2025-12-12 16:34:24][FINE] Started watching map 'world_the_end' for updates...
[2025-12-12 16:34:24][FINE] Started watching map 'world_nether' for updates...
[2025-12-12 16:34:32][FINE] Scheduled update for region-file: (-1, -1) (Map: world)
[2025-12-12 16:34:32][FINE] Scheduled update for region-file: (0, -1) (Map: world_nether)
[2025-12-12 16:34:32][FINE] Scheduled update for region-file: (-1, -1) (Map: world_nether)
[2025-12-12 16:34:32][FINE] Scheduled update for region-file: (0, 0) (Map: world_nether)
[2025-12-12 16:35:03][FINE] Scheduled update for region-file: (-1, -5) (Map: world)
[2025-12-12 16:35:15][FINE] Scheduled update for region-file: (0, -5) (Map: world)
[2025-12-12 16:35:16][FINE] Scheduled update for region-file: (0, -4) (Map: world)
[2025-12-12 16:35:16][FINE] Scheduled update for region-file: (-1, -4) (Map: world)
[2025-12-12 16:36:03][FINE] Scheduled update for region-file: (-1, -5) (Map: world)
[2025-12-12 16:36:15][FINE] Scheduled update for region-file: (0, -5) (Map: world)
[2025-12-12 16:36:16][FINE] Scheduled update for region-file: (0, -4) (Map: world)
[2025-12-12 16:36:16][FINE] Scheduled update for region-file: (-1, -4) (Map: world)
[2025-12-12 16:37:03][FINE] Scheduled update for region-file: (-1, -5) (Map: world)
[2025-12-12 16:37:15][FINE] Scheduled update for region-file: (0, -5) (Map: world)
[2025-12-12 16:37:16][FINE] Scheduled update for region-file: (0, -4) (Map: world)
[2025-12-12 16:37:16][FINE] Scheduled update for region-file: (-1, -4) (Map: world)
[2025-12-12 16:38:03][FINE] Scheduled update for region-file: (-1, -5) (Map: world)
[2025-12-12 16:38:15][FINE] Scheduled update for region-file: (0, -5) (Map: world)
[2025-12-12 16:38:16][FINE] Scheduled update for region-file: (0, -4) (Map: world)
[2025-12-12 16:38:16][FINE] Scheduled update for region-file: (-1, -4) (Map: world)
[2025-12-12 16:39:03][FINE] Scheduled update for region-file: (-1, -5) (Map: world)
[2025-12-12 16:39:15][FINE] Scheduled update for region-file: (0, -5) (Map: world)
[2025-12-12 16:39:32][FINE] Scheduled update for region-file: (-1, -1) (Map: world)
[2025-12-12 16:39:32][FINE] Scheduled update for region-file: (0, -1) (Map: world_nether)
[2025-12-12 16:39:32][FINE] Scheduled update for region-file: (-1, -1) (Map: world_nether)
[2025-12-12 16:39:32][FINE] Scheduled update for region-file: (0, 0) (Map: world_nether)
[2025-12-12 16:39:40][FINE] Scheduled update for region-file: (-1, -4) (Map: world)
[2025-12-12 16:39:40][FINE] Scheduled update for region-file: (0, -4) (Map: world)
[2025-12-12 16:40:03][FINE] Scheduled update for region-file: (-1, -5) (Map: world)
[2025-12-12 16:40:15][FINE] Scheduled update for region-file: (0, -5) (Map: world)
[2025-12-12 16:40:40][FINE] Scheduled update for region-file: (-1, -4) (Map: world)
[2025-12-12 16:40:40][FINE] Scheduled update for region-file: (0, -4) (Map: world)
[2025-12-12 16:41:03][FINE] Scheduled update for region-file: (-1, -5) (Map: world)
[2025-12-12 16:41:15][FINE] Scheduled update for region-file: (0, -5) (Map: world)
[2025-12-12 16:42:03][FINE] Scheduled update for region-file: (-1, -5) (Map: world)
[2025-12-12 16:42:15][FINE] Scheduled update for region-file: (0, -5) (Map: world)
[2025-12-12 16:43:03][FINE] Scheduled update for region-file: (-1, -5) (Map: world)
[2025-12-12 16:43:15][FINE] Scheduled update for region-file: (0, -5) (Map: world)
[2025-12-12 16:44:03][FINE] Scheduled update for region-file: (-1, -5) (Map: world)
[2025-12-12 16:44:15][FINE] Scheduled update for region-file: (0, -5) (Map: world)
[2025-12-12 16:44:32][FINE] Scheduled update for region-file: (-1, -1) (Map: world)
[2025-12-12 16:44:32][FINE] Scheduled update for region-file: (-1, -1) (Map: world_nether)
[2025-12-12 16:44:32][FINE] Scheduled update for region-file: (0, -1) (Map: world_nether)
[2025-12-12 16:44:32][FINE] Scheduled update for region-file: (0, 0) (Map: world_nether)
[2025-12-12 16:45:03][FINE] Scheduled update for region-file: (-1, -5) (Map: world)
[2025-12-12 16:45:15][FINE] Scheduled update for region-file: (0, -5) (Map: world)
[2025-12-12 16:46:03][FINE] Scheduled update for region-file: (-1, -5) (Map: world)
[2025-12-12 16:46:15][FINE] Scheduled update for region-file: (0, -5) (Map: world)
[2025-12-12 16:46:31][FINE] Scheduled update for region-file: (0, -6) (Map: world)
[2025-12-12 16:46:31][FINE] Scheduled update for region-file: (-1, -6) (Map: world)
[2025-12-12 16:47:03][FINE] Scheduled update for region-file: (-1, -5) (Map: world)
[2025-12-12 16:47:15][FINE] Scheduled update for region-file: (0, -5) (Map: world)
[2025-12-12 16:47:31][FINE] Scheduled update for region-file: (0, -6) (Map: world)
[2025-12-12 16:47:31][FINE] Scheduled update for region-file: (-1, -6) (Map: world)
[2025-12-12 16:48:30][FINE] Scheduled update for region-file: (0, -5) (Map: world)
[2025-12-12 16:48:30][FINE] Scheduled update for region-file: (-1, -5) (Map: world)
[2025-12-12 16:48:31][FINE] Scheduled update for region-file: (0, -6) (Map: world)
[2025-12-12 16:48:31][FINE] Scheduled update for region-file: (-1, -6) (Map: world)
[2025-12-12 16:49:31][FINE] Scheduled update for region-file: (0, -6) (Map: world)
[2025-12-12 16:49:31][FINE] Scheduled update for region-file: (-1, -6) (Map: world)
[2025-12-12 16:49:32][FINE] Scheduled update for region-file: (-1, -1) (Map: world)
[2025-12-12 16:49:32][FINE] Scheduled update for region-file: (0, -1) (Map: world_nether)
[2025-12-12 16:49:32][FINE] Scheduled update for region-file: (-1, -1) (Map: world_nether)
[2025-12-12 16:49:32][FINE] Scheduled update for region-file: (0, 0) (Map: world_nether)
[2025-12-12 16:49:32][FINE] Scheduled update for region-file: (0, -5) (Map: world)
[2025-12-12 16:49:32][FINE] Scheduled update for region-file: (-1, -5) (Map: world)
[2025-12-12 16:50:33][FINE] Scheduled update for region-file: (0, -5) (Map: world)
[2025-12-12 16:50:33][FINE] Scheduled update for region-file: (-1, -5) (Map: world)
[2025-12-12 16:50:53][FINE] Scheduled update for region-file: (0, -6) (Map: world)
[2025-12-12 16:50:53][FINE] Scheduled update for region-file: (-1, -6) (Map: world)
[2025-12-12 16:51:33][FINE] Scheduled update for region-file: (0, -5) (Map: world)
[2025-12-12 16:51:33][FINE] Scheduled update for region-file: (-1, -5) (Map: world)
[2025-12-12 16:51:53][FINE] Scheduled update for region-file: (0, -6) (Map: world)
[2025-12-12 16:51:53][FINE] Scheduled update for region-file: (-1, -6) (Map: world)
[2025-12-12 16:52:53][FINE] Scheduled update for region-file: (0, -6) (Map: world)
[2025-12-12 16:52:53][FINE] Scheduled update for region-file: (-1, -6) (Map: world)
[2025-12-12 16:53:36][FINE] Scheduled update for region-file: (0, -5) (Map: world)
[2025-12-12 16:53:36][FINE] Scheduled update for region-file: (-1, -5) (Map: world)
[2025-12-12 16:53:53][FINE] Scheduled update for region-file: (0, -6) (Map: world)
[2025-12-12 16:53:53][FINE] Scheduled update for region-file: (-1, -6) (Map: world)
[2025-12-12 16:54:32][FINE] Scheduled update for region-file: (-1, -1) (Map: world)
[2025-12-12 16:54:32][FINE] Scheduled update for region-file: (-1, -1) (Map: world_nether)
[2025-12-12 16:54:32][FINE] Scheduled update for region-file: (0, -1) (Map: world_nether)
[2025-12-12 16:54:32][FINE] Scheduled update for region-file: (0, 0) (Map: world_nether)
[2025-12-12 16:54:36][FINE] Scheduled update for region-file: (0, -5) (Map: world)
[2025-12-12 16:54:36][FINE] Scheduled update for region-file: (-1, -5) (Map: world)
[2025-12-12 16:55:39][FINE] Scheduled update for region-file: (0, -5) (Map: world)
[2025-12-12 16:55:39][FINE] Scheduled update for region-file: (-1, -5) (Map: world)
[2025-12-12 16:56:31][FINE] Scheduled update for region-file: (-1, -6) (Map: world)
[2025-12-12 16:56:31][FINE] Scheduled update for region-file: (0, -6) (Map: world)
[2025-12-12 16:56:39][FINE] Scheduled update for region-file: (0, -5) (Map: world)
[2025-12-12 16:56:39][FINE] Scheduled update for region-file: (-1, -5) (Map: world)
[2025-12-12 16:57:31][FINE] Scheduled update for region-file: (-1, -6) (Map: world)
[2025-12-12 16:57:31][FINE] Scheduled update for region-file: (0, -6) (Map: world)
[2025-12-12 16:57:44][FINE] Scheduled update for region-file: (0, -5) (Map: world)
[2025-12-12 16:57:44][FINE] Scheduled update for region-file: (-1, -5) (Map: world)
[2025-12-12 16:58:31][FINE] Scheduled update for region-file: (0, -6) (Map: world)
[2025-12-12 16:58:44][FINE] Scheduled update for region-file: (0, -5) (Map: world)
[2025-12-12 16:58:44][FINE] Scheduled update for region-file: (-1, -5) (Map: world)
[2025-12-12 16:59:32][FINE] Scheduled update for region-file: (-1, -1) (Map: world)
[2025-12-12 16:59:32][FINE] Scheduled update for region-file: (0, -1) (Map: world_nether)
[2025-12-12 16:59:32][FINE] Scheduled update for region-file: (-1, -1) (Map: world_nether)
[2025-12-12 16:59:32][FINE] Scheduled update for region-file: (0, 0) (Map: world_nether)
[2025-12-12 16:59:49][FINE] Scheduled update for region-file: (0, -5) (Map: world)
[2025-12-12 16:59:49][FINE] Scheduled update for region-file: (-1, -5) (Map: world)
[2025-12-12 17:00:50][FINE] Scheduled update for region-file: (-1, -5) (Map: world)
[2025-12-12 17:00:50][FINE] Scheduled update for region-file: (0, -5) (Map: world)
[2025-12-12 17:01:50][FINE] Scheduled update for region-file: (0, -5) (Map: world)
[2025-12-12 17:01:56][FINE] Scheduled update for region-file: (-1, -5) (Map: world)
[2025-12-12 17:02:26][FINE] Scheduled update for region-file: (-1, -6) (Map: world)
[2025-12-12 17:02:26][FINE] Scheduled update for region-file: (0, -6) (Map: world)
[2025-12-12 17:02:50][FINE] Scheduled update for region-file: (0, -5) (Map: world)
[2025-12-12 17:02:56][FINE] Scheduled update for region-file: (-1, -5) (Map: world)
[2025-12-12 17:04:32][FINE] Scheduled update for region-file: (0, -1) (Map: world_nether)
[2025-12-12 17:04:32][FINE] Scheduled update for region-file: (-1, -1) (Map: world_nether)
[2025-12-12 17:04:32][FINE] Scheduled update for region-file: (0, 0) (Map: world_nether)
[2025-12-12 17:04:32][FINE] Scheduled update for region-file: (-1, -1) (Map: world)
[2025-12-12 17:09:32][FINE] Scheduled update for region-file: (0, -1) (Map: world_nether)
[2025-12-12 17:09:32][FINE] Scheduled update for region-file: (-1, -1) (Map: world_nether)
[2025-12-12 17:09:32][FINE] Scheduled update for region-file: (0, 0) (Map: world_nether)
[2025-12-12 17:09:32][FINE] Scheduled update for region-file: (-1, -1) (Map: world)
[2025-12-12 17:14:32][FINE] Scheduled update for region-file: (0, -1) (Map: world_nether)
[2025-12-12 17:14:32][FINE] Scheduled update for region-file: (-1, -1) (Map: world_nether)
[2025-12-12 17:14:32][FINE] Scheduled update for region-file: (0, 0) (Map: world_nether)
[2025-12-12 17:14:32][FINE] Scheduled update for region-file: (-1, -1) (Map: world)
[2025-12-12 17:19:32][FINE] Scheduled update for region-file: (-1, -1) (Map: world)
[2025-12-12 17:19:32][FINE] Scheduled update for region-file: (0, -1) (Map: world_nether)
[2025-12-12 17:19:32][FINE] Scheduled update for region-file: (-1, -1) (Map: world_nether)
[2025-12-12 17:19:32][FINE] Scheduled update for region-file: (0, 0) (Map: world_nether)
[2025-12-12 17:24:32][FINE] Scheduled update for region-file: (-1, -1) (Map: world)
[2025-12-12 17:24:32][FINE] Scheduled update for region-file: (0, -1) (Map: world_nether)
[2025-12-12 17:24:32][FINE] Scheduled update for region-file: (-1, -1) (Map: world_nether)
[2025-12-12 17:24:32][FINE] Scheduled update for region-file: (0, 0) (Map: world_nether)
[2025-12-12 17:29:32][FINE] Scheduled update for region-file: (-1, -1) (Map: world)
[2025-12-12 17:29:32][FINE] Scheduled update for region-file: (0, -1) (Map: world_nether)
[2025-12-12 17:29:32][FINE] Scheduled update for region-file: (-1, -1) (Map: world_nether)
[2025-12-12 17:29:32][FINE] Scheduled update for region-file: (0, 0) (Map: world_nether)
[2025-12-12 17:34:24][FINE] Stopped watching map 'world' for updates.
[2025-12-12 17:34:24][FINE] Stopped watching map 'world_the_end' for updates.
[2025-12-12 17:34:24][FINE] Stopped watching map 'world_nether' for updates.
[2025-12-12 17:34:24][FINE] Started watching map 'world' for updates...
[2025-12-12 17:34:24][FINE] Started watching map 'world_the_end' for updates...
[2025-12-12 17:34:24][FINE] Started watching map 'world_nether' for updates...
[2025-12-12 17:34:32][FINE] Scheduled update for region-file: (0, -1) (Map: world_nether)
[2025-12-12 17:34:32][FINE] Scheduled update for region-file: (-1, -1) (Map: world_nether)
[2025-12-12 17:34:32][FINE] Scheduled update for region-file: (0, 0) (Map: world_nether)
[2025-12-12 17:39:32][FINE] Scheduled update for region-file: (0, -1) (Map: world_nether)
[2025-12-12 17:39:32][FINE] Scheduled update for region-file: (-1, -1) (Map: world_nether)
[2025-12-12 17:39:32][FINE] Scheduled update for region-file: (0, 0) (Map: world_nether)
[2025-12-12 17:44:32][FINE] Scheduled update for region-file: (0, -1) (Map: world_nether)
[2025-12-12 17:44:32][FINE] Scheduled update for region-file: (-1, -1) (Map: world_nether)
[2025-12-12 17:44:32][FINE] Scheduled update for region-file: (0, 0) (Map: world_nether)
[2025-12-12 17:49:32][FINE] Scheduled update for region-file: (0, -1) (Map: world_nether)
[2025-12-12 17:49:32][FINE] Scheduled update for region-file: (-1, -1) (Map: world_nether)
[2025-12-12 17:49:32][FINE] Scheduled update for region-file: (0, 0) (Map: world_nether)
[2025-12-12 17:54:32][FINE] Scheduled update for region-file: (0, -1) (Map: world_nether)
[2025-12-12 17:54:32][FINE] Scheduled update for region-file: (-1, -1) (Map: world_nether)
[2025-12-12 17:54:32][FINE] Scheduled update for region-file: (0, 0) (Map: world_nether)
[2025-12-12 17:59:32][FINE] Scheduled update for region-file: (0, -1) (Map: world_nether)
[2025-12-12 17:59:32][FINE] Scheduled update for region-file: (-1, -1) (Map: world_nether)
[2025-12-12 17:59:32][FINE] Scheduled update for region-file: (0, 0) (Map: world_nether)
[2025-12-12 18:04:32][FINE] Scheduled update for region-file: (0, -1) (Map: world_nether)
[2025-12-12 18:04:32][FINE] Scheduled update for region-file: (-1, -1) (Map: world_nether)
[2025-12-12 18:04:32][FINE] Scheduled update for region-file: (0, 0) (Map: world_nether)
[2025-12-12 18:09:32][FINE] Scheduled update for region-file: (0, -1) (Map: world_nether)
[2025-12-12 18:09:32][FINE] Scheduled update for region-file: (-1, -1) (Map: world_nether)
[2025-12-12 18:09:32][FINE] Scheduled update for region-file: (0, 0) (Map: world_nether)
[2025-12-12 18:14:32][FINE] Scheduled update for region-file: (0, -1) (Map: world_nether)
[2025-12-12 18:14:32][FINE] Scheduled update for region-file: (-1, -1) (Map: world_nether)
[2025-12-12 18:14:32][FINE] Scheduled update for region-file: (0, 0) (Map: world_nether)
[2025-12-12 18:19:32][FINE] Scheduled update for region-file: (0, -1) (Map: world_nether)
[2025-12-12 18:19:32][FINE] Scheduled update for region-file: (-1, -1) (Map: world_nether)
[2025-12-12 18:19:32][FINE] Scheduled update for region-file: (0, 0) (Map: world_nether)
[2025-12-12 18:24:32][FINE] Scheduled update for region-file: (0, -1) (Map: world_nether)
[2025-12-12 18:24:32][FINE] Scheduled update for region-file: (-1, -1) (Map: world_nether)
[2025-12-12 18:24:32][FINE] Scheduled update for region-file: (0, 0) (Map: world_nether)
[2025-12-12 18:29:32][FINE] Scheduled update for region-file: (0, -1) (Map: world_nether)
[2025-12-12 18:29:32][FINE] Scheduled update for region-file: (-1, -1) (Map: world_nether)
[2025-12-12 18:29:32][FINE] Scheduled update for region-file: (0, 0) (Map: world_nether)
[2025-12-12 18:34:24][FINE] Stopped watching map 'world' for updates.
[2025-12-12 18:34:24][FINE] Stopped watching map 'world_the_end' for updates.
[2025-12-12 18:34:24][FINE] Stopped watching map 'world_nether' for updates.
[2025-12-12 18:34:24][FINE] Started watching map 'world' for updates...
[2025-12-12 18:34:24][FINE] Started watching map 'world_the_end' for updates...
[2025-12-12 18:34:24][FINE] Started watching map 'world_nether' for updates...
[2025-12-12 18:34:32][FINE] Scheduled update for region-file: (0, -1) (Map: world_nether)
[2025-12-12 18:34:32][FINE] Scheduled update for region-file: (-1, -1) (Map: world_nether)
[2025-12-12 18:34:32][FINE] Scheduled update for region-file: (0, 0) (Map: world_nether)
[2025-12-12 18:39:32][FINE] Scheduled update for region-file: (0, -1) (Map: world_nether)
[2025-12-12 18:39:32][FINE] Scheduled update for region-file: (-1, -1) (Map: world_nether)
[2025-12-12 18:39:32][FINE] Scheduled update for region-file: (0, 0) (Map: world_nether)
[2025-12-12 18:44:32][FINE] Scheduled update for region-file: (0, -1) (Map: world_nether)
[2025-12-12 18:44:32][FINE] Scheduled update for region-file: (-1, -1) (Map: world_nether)
[2025-12-12 18:44:32][FINE] Scheduled update for region-file: (0, 0) (Map: world_nether)
[2025-12-12 18:49:32][FINE] Scheduled update for region-file: (0, -1) (Map: world_nether)
[2025-12-12 18:49:32][FINE] Scheduled update for region-file: (-1, -1) (Map: world_nether)
[2025-12-12 18:49:32][FINE] Scheduled update for region-file: (0, 0) (Map: world_nether)
[2025-12-12 18:54:32][FINE] Scheduled update for region-file: (0, -1) (Map: world_nether)
[2025-12-12 18:54:32][FINE] Scheduled update for region-file: (-1, -1) (Map: world_nether)
[2025-12-12 18:54:32][FINE] Scheduled update for region-file: (0, 0) (Map: world_nether)
[2025-12-12 18:59:32][FINE] Scheduled update for region-file: (0, -1) (Map: world_nether)
[2025-12-12 18:59:32][FINE] Scheduled update for region-file: (-1, -1) (Map: world_nether)
[2025-12-12 18:59:32][FINE] Scheduled update for region-file: (0, 0) (Map: world_nether)
[2025-12-12 19:04:32][FINE] Scheduled update for region-file: (0, -1) (Map: world_nether)
[2025-12-12 19:04:32][FINE] Scheduled update for region-file: (-1, -1) (Map: world_nether)
[2025-12-12 19:04:32][FINE] Scheduled update for region-file: (0, 0) (Map: world_nether)
[2025-12-12 19:09:32][FINE] Scheduled update for region-file: (0, -1) (Map: world_nether)
[2025-12-12 19:09:32][FINE] Scheduled update for region-file: (-1, -1) (Map: world_nether)
[2025-12-12 19:09:32][FINE] Scheduled update for region-file: (0, 0) (Map: world_nether)
